
> react-kavia@0.1.0 start
> cross-env EDIT_MODE=true webpack serve --config .ve/webpack.config.js --mode development

<i> [webpack-dev-server] Project is running at:
<i> [webpack-dev-server] Loopback: http://localhost:3000/, http://[::1]:3000/
<i> [webpack-dev-server] On Your Network (IPv4): http://172.17.0.2:3000/
<i> [webpack-dev-server] Content not from webpack is served from './public' directory
Injecting EditorRootWrapper import: ../.ve/EditorRootWrapper
asset bundle.js 1.41 MiB [emitted] (name: main)
asset index.html 1.98 KiB [emitted]
runtime modules 27.5 KiB 14 modules
modules by path ./node_modules/ 1.24 MiB 31 modules
modules by path ./src/ 19.5 KiB
  modules by path ./src/*.css 12.3 KiB 6 modules
  modules by path ./src/*.js 7.19 KiB
    ./src/index.js 530 bytes [built] [code generated]
    + 2 modules
modules by path ./.ve/ 15.1 KiB
  modules by path ./.ve/*.js 10.6 KiB 2 modules
  modules by path ./.ve/*.css 2.93 KiB
    ./.ve/EditorOverlay.css 2.25 KiB [built] [code generated]
    ./node_modules/css-loader/dist/cjs.js!./.ve/EditorOverlay.css 697 bytes [built] [code generated]
  ./.ve/EditorOverlay.jsx 1.58 KiB [built] [code generated]
webpack 5.99.9 compiled successfully in 1433 ms
assets by status 1.98 KiB [cached] 1 asset
assets by path *.js 1.42 MiB
  asset bundle.js 1.41 MiB [emitted] (name: main)
  asset main.1f379361e4da42e73ea0.hot-update.js 8.56 KiB [emitted] [immutable] [hmr] (name: main)
asset main.1f379361e4da42e73ea0.hot-update.json 28 bytes [emitted] [immutable] [hmr]
Entrypoint main 1.42 MiB = bundle.js 1.41 MiB main.1f379361e4da42e73ea0.hot-update.js 8.56 KiB
cached modules 1.27 MiB [cached] 44 modules
runtime modules 27.5 KiB 14 modules
./src/TicTacToe.js 5.45 KiB [built] [code generated]
webpack 5.99.9 compiled successfully in 120 ms
assets by status 1.98 KiB [cached] 1 asset
assets by path *.js 1.42 MiB
  asset bundle.js 1.41 MiB [emitted] (name: main)
  asset main.b9a735c200526c4c3e9e.hot-update.js 9.84 KiB [emitted] [immutable] [hmr] (name: main)
asset main.b9a735c200526c4c3e9e.hot-update.json 28 bytes [emitted] [immutable] [hmr]
Entrypoint main 1.42 MiB = bundle.js 1.41 MiB main.b9a735c200526c4c3e9e.hot-update.js 9.84 KiB
cached modules 1.27 MiB [cached] 44 modules
runtime modules 27.5 KiB 14 modules
./src/TicTacToe.js 6.47 KiB [built] [code generated]
webpack 5.99.9 compiled successfully in 103 ms
assets by status 1.98 KiB [cached] 1 asset
assets by path *.js 1.42 MiB
  asset bundle.js 1.41 MiB [emitted] (name: main)
  asset main.1ae8c096fae724a3c8d9.hot-update.js 9.93 KiB [emitted] [immutable] [hmr] (name: main)
asset main.1ae8c096fae724a3c8d9.hot-update.json 28 bytes [emitted] [immutable] [hmr]
Entrypoint main 1.42 MiB = bundle.js 1.41 MiB main.1ae8c096fae724a3c8d9.hot-update.js 9.93 KiB
cached modules 1.27 MiB [cached] 44 modules
runtime modules 27.5 KiB 14 modules
./src/TicTacToe.js 6.56 KiB [built] [code generated]
webpack 5.99.9 compiled successfully in 82 ms
assets by status 1.98 KiB [cached] 1 asset
assets by path *.js 1.42 MiB
  asset bundle.js 1.41 MiB [emitted] (name: main)
  asset main.a08e12f0fa635cd047d6.hot-update.js 5.05 KiB [emitted] [immutable] [hmr] (name: main)
asset main.a08e12f0fa635cd047d6.hot-update.json 28 bytes [emitted] [immutable] [hmr]
Entrypoint main 1.42 MiB = bundle.js 1.41 MiB main.a08e12f0fa635cd047d6.hot-update.js 5.05 KiB
cached modules 1.27 MiB [cached] 44 modules
runtime modules 27.5 KiB 14 modules
./node_modules/css-loader/dist/cjs.js!./src/TicTacToe.css 2.56 KiB [built] [code generated]
webpack 5.99.9 compiled successfully in 40 ms
